./README.txt
⚠️ [uploadthing][deprecated] `file.url` is deprecated and will be removed in uploadthing v9. Use `file.ufsUrl` instead.
⚠️ [uploadthing][deprecated] `file.appUrl` is deprecated and will be removed in uploadthing v9. Use `file.ufsUrl` instead.
Uploaded: ./README.txt
[
  {
    file: './README.txt',
    result: [
      {
        data: {
          key: '123456789012345678901234567890123456789012345678',
          url: 'https://utfs.io/f/123456789012345678901234567890123456789012345678',
          appUrl: 'https://utfs.io/a/abcdefghij/123456789012345678901234567890123456789012345678',
          ufsUrl: 'https://abcdefghij.ufs.sh/f/123456789012345678901234567890123456789012345678',
          lastModified: 1774545425321,
          name: 'README.txt',
          size: 1587,
          type: '',
          customId: null,
          fileHash: '9b06b53496dd4f184ef9d8e9c8249d9a'
        },
        error: null
      }
    ]
  }
]